// Jest Snapshot v1, https://goo.gl/fbAQLP

exports[`SpinnerComponent renders component 1`] = `ShallowWrapper {}`;
